{"meta":{"cost-types":{"numerical-routingcost-autogen":{"cost-mode":"numerical","cost-metric":"routingcost"},"numerical-hopcount-autogen":{"cost-mode":"numerical","cost-metric":"hopcount"}},"default-alto-network-map":"my-default-network-map"},"resources":{"my-default-network-map":{"uri":"http://localhost:8080/networkmap","media-type":"application/alto-networkmap+json"},"alt-network-map":{"uri":"http://localhost:8080/altnetworkmap","media-type":"application/alto-networkmap+json"},"local_0_numericalroutingcost":{"uri":"http://localhost:8080/routingcost","media-type":"application/alto-costmap+json","uses":["my-default-network-map"],"capabilities":{"cost-type-names":["numerical-routingcost-autogen"]}},"local_1_numericalroutingcost":{"uri":"http://localhost:8080/alt-routingcost","media-type":"application/alto-costmap+json","uses":["alt-network-map"],"capabilities":{"cost-type-names":["numerical-routingcost-autogen"]}},"local_2_numericalhopcount":{"uri":"http://localhost:8080/hopcount","media-type":"application/alto-costmap+json","uses":["my-default-network-map"],"capabilities":{"cost-type-names":["numerical-hopcount-autogen"]}},"local_3_numericalhopcount":{"uri":"http://localhost:8080/alt-hopcount","media-type":"application/alto-costmap+json","uses":["alt-network-map"],"capabilities":{"cost-type-names":["numerical-hopcount-autogen"]}},"local_4_numericalroutingcost":{"uri":"http://localhost:8080/epcs","media-type":"application/alto-endpointcost+json","accepts":"application/alto-endpointcostparams+json","capabilities":{"cost-constraints":true,"cost-type-names":["numerical-routingcost-autogen"]}}}}